
 Start  Stop   Length Name                   Class
 00000H 00A4FH 00A50H MAIN_TEXT              CODE
 00A50H 02AD3H 02084H CODE                   CODE
 02AE0H 02BB3H 000D4H text_disc              CODE
 02BB4H 05167H 025B4H _TEXT                  CODE
 05170H 0785FH 026F0H EMULATOR_TEXT          CODE
 07860H 07860H 00000H C_ETEXT                ENDCODE
 07860H 1756FH 0FD10H DATA__lensexb          FARDATA
 17570H 185EFH 01080H DATA__filler           FARDATA
 185F0H 1D273H 04C84H DATA__lensex1          FARDATA
 1D280H 1D356H 000D7H DATA__lensex0          FARDATA
 1D360H 1EE2BH 01ACCH DATA__lensex2          FARDATA
 1EE30H 1F431H 00602H DATA__lensex3          FARDATA
 1F440H 20CABH 0186CH DATA__lensex4          FARDATA
 20CB0H 2565FH 049B0H DATA__lensexp          FARDATA
 25660H 257CFH 00170H EMULATOR_DATA          FAR_DATA
 257D0H 293FFH 03C30H FAR_BSS                FAR_BSS
 29400H 29441H 00042H NULL                   BEGDATA
 29442H 296D7H 00296H _DATA                  DATA
 296D8H 296D9H 00002H XIQC                   DATA
 296DAH 296E7H 0000EH DBDATA                 DATA
 296E8H 296F5H 0000EH CDATA                  DATA
 296F6H 296F6H 00000H XIFB                   DATA
 296F6H 296F6H 00000H XIF                    DATA
 296F6H 296F6H 00000H XIFE                   DATA
 296F6H 296F6H 00000H XIB                    DATA
 296F6H 296F9H 00004H XI                     DATA
 296FAH 296FAH 00000H XIE                    DATA
 296FAH 296FAH 00000H XPB                    DATA
 296FAH 296FAH 00000H XP                     DATA
 296FAH 296FAH 00000H XPE                    DATA
 296FAH 296FAH 00000H XCB                    DATA
 296FAH 296FAH 00000H XC                     DATA
 296FAH 296FAH 00000H XCE                    DATA
 296FAH 296FAH 00000H XCFB                   DATA
 296FAH 296FAH 00000H XCF                    DATA
 296FAH 296FAH 00000H XCFE                   DATA
 296FAH 2971DH 00024H CONST                  CONST
 2971EH 29725H 00008H HDR                    MSG
 29726H 298D2H 001ADH MSG                    MSG
 298D3H 298D4H 00002H PAD                    MSG
 298D5H 298D5H 00001H EPAD                   MSG
 298D6H 298F1H 0001CH _BSS                   BSS
 298F2H 298F2H 00000H XOB                    BSS
 298F2H 298F2H 00000H XO                     BSS
 298F2H 298F2H 00000H XOE                    BSS
 29900H 29900H 00000H c_common               BSS
 29900H 2A0FFH 00800H STACK                  STACK

 Origin   Group
 2940:0   DGROUP

Program entry point at 02BB:0014
