
 Start  Stop   Length Name               Class

 00000H 01096H 01097H _TEXT              CODE
 01097H 01202H 0016CH OUTTAA_TEXT        CODE
 01204H 01451H 0024EH ASMYT_TEXT         CODE
 01452H 01452H 00000H INCLUDE_TEXT       CODE
 01452H 01606H 001B5H TWEAK_TEXT         CODE
 01608H 01692H 0008BH COPPER_TEXT        CODE
 016A0H 01773H 000D4H TEXT_DISC          CODE
 01780H 01780H 00000H _FARDATA           FAR_DATA
 01780H 1177EH 0FFFFH KAKKA2             FAR_DATA
 1177FH 1177EH FFFFFH KAKKA3             FAR_DATA
 2177EH 2177DH FFFFFH KAKKA4             FAR_DATA
 3177DH 3177CH FFFFFH KAKKA5             FAR_DATA
 4177CH 50B91H 0F416H KAKKA6             FAR_DATA
 50B92H 5CE92H 0C301H KAKKA8             FAR_DATA
 5CEA0H 5CEA0H 00000H _FARBSS            FAR_BSS
 5CEA0H 5CEA0H 00000H _OVERLAY_          OVRINFO
 5CEA0H 5CEA0H 00000H _1STUB_            STUBSEG
 5CEA0H 5D227H 00388H _DATA              DATA
 5D228H 5D228H 00000H _CVTSEG            DATA
 5D228H 5D228H 00000H _SCNSEG            DATA
 5D228H 5D228H 00000H _CONST             CONST
 5D228H 5D22DH 00006H _INIT_             INITDATA
 5D22EH 5D22EH 00000H _INITEND_          INITDATA
 5D22EH 5D22EH 00000H _EXIT_             EXITDATA
 5D22EH 5D22EH 00000H _EXITEND_          EXITDATA
 5D22EH 5D2ADH 00080H _BSS               BSS
 5D2AEH 5D2AEH 00000H _BSSEND            BSSEND
 5D2B0H 5D32FH 00080H _STACK             STACK


Detailed map of segments

 0000:0000 0295 C=CODE   S=_TEXT          G=(none)  M=C0.ASM     ACBP=28
 0000:0295 002D C=CODE   S=_TEXT          G=(none)  M=ATEXIT     ACBP=28
 0000:02C2 0093 C=CODE   S=_TEXT          G=(none)  M=EXIT       ACBP=28
 0000:0355 0000 C=CODE   S=_TEXT          G=(none)  M=FILES      ACBP=28
 0000:0355 0000 C=CODE   S=_TEXT          G=(none)  M=FILES2     ACBP=28
 0000:0355 0021 C=CODE   S=_TEXT          G=(none)  M=H_LLSH     ACBP=28
 0000:0376 0060 C=CODE   S=_TEXT          G=(none)  M=H_PADD     ACBP=28
 0000:03D6 004B C=CODE   S=_TEXT          G=(none)  M=IOERROR    ACBP=28
 0000:0421 0011 C=CODE   S=_TEXT          G=(none)  M=ISATTY     ACBP=28
 0000:0432 0029 C=CODE   S=_TEXT          G=(none)  M=LSEEK      ACBP=28
 0000:045B 0021 C=CODE   S=_TEXT          G=(none)  M=N_PCMP     ACBP=28
 0000:047C 00BA C=CODE   S=_TEXT          G=(none)  M=SETUPIO    ACBP=28
 0000:0536 0000 C=CODE   S=_TEXT          G=(none)  M=STKLEN     ACBP=28
 0000:0536 0432 C=CODE   S=_TEXT          G=(none)  M=FARHEAP    ACBP=28
 0000:0968 0140 C=CODE   S=_TEXT          G=(none)  M=FBRK       ACBP=28
 0000:0AA8 001C C=CODE   S=_TEXT          G=(none)  M=SETBLOCK   ACBP=28
 0000:0AC4 00CD C=CODE   S=_TEXT          G=(none)  M=FFLUSH     ACBP=28
 0000:0B91 0042 C=CODE   S=_TEXT          G=(none)  M=FLUSHALL   ACBP=28
 0000:0BD3 01E2 C=CODE   S=_TEXT          G=(none)  M=FSEEK      ACBP=28
 0000:0DB5 011D C=CODE   S=_TEXT          G=(none)  M=SETVBUF    ACBP=28
 0000:0ED2 0151 C=CODE   S=_TEXT          G=(none)  M=WRITE      ACBP=28
 0000:1023 003C C=CODE   S=_TEXT          G=(none)  M=WRITEA     ACBP=28
 0000:105F 0038 C=CODE   S=_TEXT          G=(none)  M=XFFLUSH    ACBP=28
 0109:0007 016C C=CODE   S=OUTTAA_TEXT    G=(none)  M=OUTTAA.C   ACBP=28
 0120:0004 024E C=CODE   S=ASMYT_TEXT     G=(none)  M=ASMYT.ASM  ACBP=48
 0145:0002 0000 C=CODE   S=INCLUDE_TEXT   G=(none)  M=INCLUDE.ASM ACBP=48
 0145:0002 01B5 C=CODE   S=TWEAK_TEXT     G=(none)  M=TWEAK.ASM  ACBP=48
 0160:0008 008B C=CODE   S=COPPER_TEXT    G=(none)  M=COPPER.ASM ACBP=48
 016A:0000 00D4 C=CODE   S=TEXT_DISC      G=(none)  M=DISC.ASM   ACBP=68
 0178:0000 0000 C=FAR_DATA S=_FARDATA       G=(none)  M=C0.ASM     ACBP=68
 0178:0000 FFFF C=FAR_DATA S=KAKKA2         G=(none)  M=INCLUDE.ASM ACBP=60
 1177:000F FFFF C=FAR_DATA S=KAKKA3         G=(none)  M=INCLUDE.ASM ACBP=20
 2177:000E FFFF C=FAR_DATA S=KAKKA4         G=(none)  M=INCLUDE.ASM ACBP=20
 3177:000D FFFF C=FAR_DATA S=KAKKA5         G=(none)  M=INCLUDE.ASM ACBP=20
 4177:000C F416 C=FAR_DATA S=KAKKA6         G=(none)  M=INCLUDE.ASM ACBP=20
 50B9:0002 C301 C=FAR_DATA S=KAKKA8         G=(none)  M=INCLUDE.ASM ACBP=20
 5CEA:0000 0000 C=FAR_BSS S=_FARBSS        G=(none)  M=C0.ASM     ACBP=68
 5CEA:0000 0000 C=OVRINFO S=_OVERLAY_      G=(none)  M=C0.ASM     ACBP=68
 5CEA:0000 0000 C=STUBSEG S=_1STUB_        G=(none)  M=C0.ASM     ACBP=68
 5CEA:0000 0093 C=DATA   S=_DATA          G=DGROUP  M=C0.ASM     ACBP=68
 5CEA:0094 00C8 C=DATA   S=_DATA          G=DGROUP  M=OUTTAA.C   ACBP=48
 5CEA:015C 0000 C=DATA   S=_DATA          G=DGROUP  M=ASMYT.ASM  ACBP=48
 5CEA:015C 0000 C=DATA   S=_DATA          G=DGROUP  M=INCLUDE.ASM ACBP=48
 5CEA:015C 0000 C=DATA   S=_DATA          G=DGROUP  M=TWEAK.ASM  ACBP=48
 5CEA:015C 0000 C=DATA   S=_DATA          G=DGROUP  M=COPPER.ASM ACBP=48
 5CEA:015C 0002 C=DATA   S=_DATA          G=DGROUP  M=ATEXIT     ACBP=48
 5CEA:015E 000C C=DATA   S=_DATA          G=DGROUP  M=EXIT       ACBP=48
 5CEA:016A 0190 C=DATA   S=_DATA          G=DGROUP  M=FILES      ACBP=48
 5CEA:02FA 002A C=DATA   S=_DATA          G=DGROUP  M=FILES2     ACBP=48
 5CEA:0324 0000 C=DATA   S=_DATA          G=DGROUP  M=H_LLSH     ACBP=48
 5CEA:0324 0000 C=DATA   S=_DATA          G=DGROUP  M=H_PADD     ACBP=48
 5CEA:0324 005B C=DATA   S=_DATA          G=DGROUP  M=IOERROR    ACBP=48
 5CEA:0380 0000 C=DATA   S=_DATA          G=DGROUP  M=ISATTY     ACBP=48
 5CEA:0380 0000 C=DATA   S=_DATA          G=DGROUP  M=LSEEK      ACBP=48
 5CEA:0380 0000 C=DATA   S=_DATA          G=DGROUP  M=N_PCMP     ACBP=48
 5CEA:0380 0000 C=DATA   S=_DATA          G=DGROUP  M=SETUPIO    ACBP=48
 5CEA:0380 0002 C=DATA   S=_DATA          G=DGROUP  M=STKLEN     ACBP=48
 5CEA:0382 0000 C=DATA   S=_DATA          G=DGROUP  M=FARHEAP    ACBP=48
 5CEA:0382 0002 C=DATA   S=_DATA          G=DGROUP  M=FBRK       ACBP=48
 5CEA:0384 0000 C=DATA   S=_DATA          G=DGROUP  M=SETBLOCK   ACBP=48
 5CEA:0384 0000 C=DATA   S=_DATA          G=DGROUP  M=FFLUSH     ACBP=48
 5CEA:0384 0000 C=DATA   S=_DATA          G=DGROUP  M=FLUSHALL   ACBP=48
 5CEA:0384 0000 C=DATA   S=_DATA          G=DGROUP  M=FSEEK      ACBP=48
 5CEA:0384 0004 C=DATA   S=_DATA          G=DGROUP  M=SETVBUF    ACBP=48
 5CEA:0388 0000 C=DATA   S=_DATA          G=DGROUP  M=WRITE      ACBP=48
 5CEA:0388 0000 C=DATA   S=_DATA          G=DGROUP  M=WRITEA     ACBP=48
 5CEA:0388 0000 C=DATA   S=_DATA          G=DGROUP  M=XFFLUSH    ACBP=48
 5CEA:0388 0000 C=DATA   S=_CVTSEG        G=DGROUP  M=C0.ASM     ACBP=48
 5CEA:0388 0000 C=DATA   S=_SCNSEG        G=DGROUP  M=C0.ASM     ACBP=48
 5CEA:0388 0000 C=CONST  S=_CONST         G=DGROUP  M=C0.ASM     ACBP=48
 5CEA:0388 0000 C=INITDATA S=_INIT_         G=DGROUP  M=C0.ASM     ACBP=48
 5CEA:0388 0006 C=INITDATA S=_INIT_         G=DGROUP  M=SETUPIO    ACBP=48
 5CEA:038E 0000 C=INITDATA S=_INITEND_      G=DGROUP  M=C0.ASM     ACBP=28
 5CEA:038E 0000 C=EXITDATA S=_EXIT_         G=DGROUP  M=C0.ASM     ACBP=48
 5CEA:038E 0000 C=EXITDATA S=_EXITEND_      G=DGROUP  M=C0.ASM     ACBP=28
 5CEA:038E 0000 C=BSS    S=_BSS           G=DGROUP  M=C0.ASM     ACBP=48
 5CEA:038E 0000 C=BSS    S=_BSS           G=DGROUP  M=OUTTAA.C   ACBP=48
 5CEA:038E 0080 C=BSS    S=_BSS           G=DGROUP  M=ATEXIT     ACBP=48
 5CEA:040E 0000 C=BSS    S=_BSS           G=DGROUP  M=IOERROR    ACBP=48
 5CEA:040E 0000 C=BSS    S=_BSS           G=DGROUP  M=ISATTY     ACBP=48
 5CEA:040E 0000 C=BSS    S=_BSS           G=DGROUP  M=LSEEK      ACBP=48
 5CEA:040E 0000 C=BSS    S=_BSS           G=DGROUP  M=SETUPIO    ACBP=48
 5CEA:040E 0000 C=BSS    S=_BSS           G=DGROUP  M=SETBLOCK   ACBP=48
 5CEA:040E 0000 C=BSS    S=_BSS           G=DGROUP  M=WRITEA     ACBP=48
 5CEA:040E 0000 C=BSSEND S=_BSSEND        G=DGROUP  M=C0.ASM     ACBP=28
 5D2B:0000 0080 C=STACK  S=_STACK         G=(none)  M=C0.ASM     ACBP=74

  Address         Publics by Name

 5CEA:0000 idle  DATASEG@
 0000:0291 idle  DGROUP@
 0000:0358 idle  F_LXLSH@
 0000:0379 idle  F_PADD@
 0000:03A8 idle  F_PSUB@
 0000:0358 idle  LXLSH@
 0000:0355       N_LXLSH@
 0000:0376       N_PADD@
 0000:045B       N_PCMP@
 0000:03A5 idle  N_PSUB@
 0000:0379 idle  PADD@
 0000:03A8 idle  PSUB@
 0000:027A idle  _ABORT
 0000:0295 idle  _ATEXIT
 0160:0012       _CLOSE_COPPER
 0160:000C       _COP_PAL
 016A:005A       _DIS_EXIT
 016A:00BE idle  _DIS_GETMFRAME
 016A:0060 idle  _DIS_INDEMO
 016A:0066 idle  _DIS_MSGAREA
 016A:0073 idle  _DIS_MUSCODE
 016A:0080 idle  _DIS_MUSPLUS
 016A:008F idle  _DIS_MUSROW
 016A:0040       _DIS_PARTSTART
 016A:009B idle  _DIS_SETCOPPER
 016A:00AE idle  _DIS_SETMFRAME
 016A:00CA       _DIS_SYNC
 016A:0000 idle  _DIS_VERSION
 016A:0023 idle  _DIS_WAITB
 0160:0010       _DO_PAL
 5CEA:007F       _ERRNO
 0000:031A       _EXIT
 0000:0676 idle  _FARFREE
 0000:078A idle  _FARMALLOC
 0000:08EE idle  _FARREALLOC
 0000:0AC4       _FFLUSH
 0000:0B91       _FLUSHALL
 0160:000A       _FRAME_COUNT
 0000:0676       _FREE
 0000:0C55       _FSEEK
 0000:0CD5 idle  _FTELL
 0160:003D       _INIT_COPPER
 0120:0012       _INIT_UFRAME
 0000:0421       _ISATTY
 0000:0432       _LSEEK
 0109:0007       _MAIN
 0000:0780       _MALLOC
 0178:0000       _MEMBLOCK
 50B9:0002       _PAL
 0000:08E7 idle  _REALLOC
 0145:0006 idle  _SCR_SEG
 0000:0AA8       _SETBLOCK
 0000:0DB5       _SETVBUF
 0145:004C idle  _TW_CLOSEGRAPH
 0145:0032 idle  _TW_CLRSCR
 0145:008B idle  _TW_GETPIXEL
 0145:0008       _TW_OPENGRAPH
 0145:0111 idle  _TW_PICTOVMEM
 0145:0052 idle  _TW_PUTPIXEL
 0145:00DB idle  _TW_SETPALAREA
 0145:00C2       _TW_SETPALETTE
 0145:019D idle  _TW_SETRGBPALETTE
 0145:00FC       _TW_SETSTART
 0145:018F       _TW_WAITVR
 0120:001F       _ULOSTA_FRAME
 5CEA:0094 idle  _WFADE
 0000:1000 idle  __AHINCR
 0000:000C idle  __AHSHIFT
 5CEA:015C       __ATEXITCNT
 5CEA:038E       __ATEXITTBL
 0000:09DE       __BRK
 5CEA:008B       __BRKLVL
 5CEA:006B idle  __C0ARGC
 5CEA:006D idle  __C0ARGV
 5CEA:0071 idle  __C0ENVIRON
 0000:033B idle  __CEXIT
 0000:016A       __CHECKNULL
 0000:0157       __CLEANUP
 0000:0349 idle  __C_EXIT
 5CEA:0324 idle  __DOSERRNO
 0000:040F idle  __DOSERROR
 5CEA:0326 idle  __DOSERRORTOSV
 5CEA:0075 idle  __ENVLNG
 5CEA:0077 idle  __ENVSEG
 5CEA:0079 idle  __ENVSIZE
 0000:0329       __EXIT
 5CEA:015E       __EXITBUF
 5CEA:0162 idle  __EXITFOPEN
 5CEA:0166 idle  __EXITOPEN
 5CEA:0087       __HEAPBASE
 5CEA:008F       __HEAPTOP
 5CEA:005B idle  __INT0VECTOR
 5CEA:005F idle  __INT4VECTOR
 5CEA:0063 idle  __INT5VECTOR
 5CEA:0067 idle  __INT6VECTOR
 0000:03D6       __IOERROR
 0000:0293 idle  __MMODEL
 5CEA:02FA       __NFILE
 5CEA:02FC       __OPENFD
 5CEA:007D idle  __OSMAJOR
 5CEA:007E idle  __OSMINOR
 5CEA:007D idle  __OSVERSION
 5CEA:007B       __PSP
 5CEA:0388 idle  __REALCVTVECTOR
 0000:01C0       __RESTOREZERO
 0000:0A1D       __SBRK
 5CEA:0388 idle  __SCANTODVECTOR
 0000:047C       __SETUPIO
 5CEA:0081 idle  __STARTTIME
 5CEA:0380       __STKLEN
 5CEA:016A       __STREAMS
 0000:016B       __TERMINATE
 5CEA:007D idle  __VERSION
 0000:1023       __WRITE
 0000:105F       __XFFLUSH
 5CEA:0085 idle  ___BRKLVL
 0000:0536 idle  ___FIRST
 0000:0538 idle  ___LAST
 0000:053A idle  ___ROVER
 0000:0ED2       ___WRITE

  Address         Publics by Value

 0000:000C idle  __AHSHIFT
 0000:0157       __CLEANUP
 0000:016A       __CHECKNULL
 0000:016B       __TERMINATE
 0000:01C0       __RESTOREZERO
 0000:027A idle  _ABORT
 0000:0291 idle  DGROUP@
 0000:0293 idle  __MMODEL
 0000:0295 idle  _ATEXIT
 0000:031A       _EXIT
 0000:0329       __EXIT
 0000:033B idle  __CEXIT
 0000:0349 idle  __C_EXIT
 0000:0355       N_LXLSH@
 0000:0358 idle  LXLSH@
 0000:0358 idle  F_LXLSH@
 0000:0376       N_PADD@
 0000:0379 idle  F_PADD@
 0000:0379 idle  PADD@
 0000:03A5 idle  N_PSUB@
 0000:03A8 idle  F_PSUB@
 0000:03A8 idle  PSUB@
 0000:03D6       __IOERROR
 0000:040F idle  __DOSERROR
 0000:0421       _ISATTY
 0000:0432       _LSEEK
 0000:045B       N_PCMP@
 0000:047C       __SETUPIO
 0000:0536 idle  ___FIRST
 0000:0538 idle  ___LAST
 0000:053A idle  ___ROVER
 0000:0676       _FREE
 0000:0676 idle  _FARFREE
 0000:0780       _MALLOC
 0000:078A idle  _FARMALLOC
 0000:08E7 idle  _REALLOC
 0000:08EE idle  _FARREALLOC
 0000:09DE       __BRK
 0000:0A1D       __SBRK
 0000:0AA8       _SETBLOCK
 0000:0AC4       _FFLUSH
 0000:0B91       _FLUSHALL
 0000:0C55       _FSEEK
 0000:0CD5 idle  _FTELL
 0000:0DB5       _SETVBUF
 0000:0ED2       ___WRITE
 0000:1000 idle  __AHINCR
 0000:1023       __WRITE
 0000:105F       __XFFLUSH
 0109:0007       _MAIN
 0120:0012       _INIT_UFRAME
 0120:001F       _ULOSTA_FRAME
 0145:0006 idle  _SCR_SEG
 0145:0008       _TW_OPENGRAPH
 0145:0032 idle  _TW_CLRSCR
 0145:004C idle  _TW_CLOSEGRAPH
 0145:0052 idle  _TW_PUTPIXEL
 0145:008B idle  _TW_GETPIXEL
 0145:00C2       _TW_SETPALETTE
 0145:00DB idle  _TW_SETPALAREA
 0145:00FC       _TW_SETSTART
 0145:0111 idle  _TW_PICTOVMEM
 0145:018F       _TW_WAITVR
 0145:019D idle  _TW_SETRGBPALETTE
 0160:000A       _FRAME_COUNT
 0160:000C       _COP_PAL
 0160:0010       _DO_PAL
 0160:0012       _CLOSE_COPPER
 0160:003D       _INIT_COPPER
 016A:0000 idle  _DIS_VERSION
 016A:0023 idle  _DIS_WAITB
 016A:0040       _DIS_PARTSTART
 016A:005A       _DIS_EXIT
 016A:0060 idle  _DIS_INDEMO
 016A:0066 idle  _DIS_MSGAREA
 016A:0073 idle  _DIS_MUSCODE
 016A:0080 idle  _DIS_MUSPLUS
 016A:008F idle  _DIS_MUSROW
 016A:009B idle  _DIS_SETCOPPER
 016A:00AE idle  _DIS_SETMFRAME
 016A:00BE idle  _DIS_GETMFRAME
 016A:00CA       _DIS_SYNC
 0178:0000       _MEMBLOCK
 50B9:0002       _PAL
 5CEA:0000 idle  DATASEG@
 5CEA:005B idle  __INT0VECTOR
 5CEA:005F idle  __INT4VECTOR
 5CEA:0063 idle  __INT5VECTOR
 5CEA:0067 idle  __INT6VECTOR
 5CEA:006B idle  __C0ARGC
 5CEA:006D idle  __C0ARGV
 5CEA:0071 idle  __C0ENVIRON
 5CEA:0075 idle  __ENVLNG
 5CEA:0077 idle  __ENVSEG
 5CEA:0079 idle  __ENVSIZE
 5CEA:007B       __PSP
 5CEA:007D idle  __OSVERSION
 5CEA:007D idle  __OSMAJOR
 5CEA:007D idle  __VERSION
 5CEA:007E idle  __OSMINOR
 5CEA:007F       _ERRNO
 5CEA:0081 idle  __STARTTIME
 5CEA:0085 idle  ___BRKLVL
 5CEA:0087       __HEAPBASE
 5CEA:008B       __BRKLVL
 5CEA:008F       __HEAPTOP
 5CEA:0094 idle  _WFADE
 5CEA:015C       __ATEXITCNT
 5CEA:015E       __EXITBUF
 5CEA:0162 idle  __EXITFOPEN
 5CEA:0166 idle  __EXITOPEN
 5CEA:016A       __STREAMS
 5CEA:02FA       __NFILE
 5CEA:02FC       __OPENFD
 5CEA:0324 idle  __DOSERRNO
 5CEA:0326 idle  __DOSERRORTOSV
 5CEA:0380       __STKLEN
 5CEA:0388 idle  __SCANTODVECTOR
 5CEA:0388 idle  __REALCVTVECTOR
 5CEA:038E       __ATEXITTBL

Program entry point at 0000:0000

